// Jest Snapshot v1, https://goo.gl/fbAQLP

exports[`Filter component matches the snapshot 1`] = `
<div>
  <div
    class="filter"
  >
    Filter
  </div>
</div>
`;
