// Jest Snapshot v1, https://goo.gl/fbAQLP

exports[`Search component matches the snapshot 1`] = `
<div>
  <div
    class="search"
  >
    <input
      class="bar"
      name="Search"
      placeholder="Search"
      type="text"
      value=""
    />
  </div>
</div>
`;
