// Jest Snapshot v1, https://goo.gl/fbAQLP

exports[`Card component matches the snapshot 1`] = `
<div>
  <li
    class="card false"
  >
    <div
      class="img"
      style="background-image: url(URL);"
    />
    <div
      class="info"
    >
      <h3>
        Name
      </h3>
      <p>
        $
        12k
         of $
        35k
      </p>
      <p
        data-status="active"
      >
        active
      </p>
    </div>
    <div
      class="progress"
    >
      <span>
        34
      </span>
      <svg
        viewBox="0 0 100 100"
      >
        <circle
          cx="50%"
          cy="50%"
          data-circle="bottom"
          fill="transparent"
          r="45"
          stroke-width="7"
        />
        <circle
          cx="50%"
          cy="50%"
          data-circle="top"
          data-status="active"
          fill="transparent"
          id="circle"
          r="45"
          stroke-width="7"
          style="stroke-dashoffset: 0;"
        />
      </svg>
    </div>
    <div
      class="details false"
    >
      <p>
        <span>
          Days left:
        </span>
        <span>
          12
        </span>
      </p>
      <p>
        <span>
          $ per day:
        </span>
        <span>
          $
          15
        </span>
      </p>
      <p>
        <span>
          Start date:
        </span>
        <span>
          2017-5-1
        </span>
      </p>
      <p>
        <span>
          Estimated finsh date:
        </span>
        <span>
          2017-5-1
        </span>
      </p>
      <div
        class="controls"
      >
        <button>
          <svg
            fill="currentColor"
            height="1em"
            stroke="currentColor"
            stroke-width="0"
            viewBox="0 0 512 512"
            width="1em"
            xmlns="http://www.w3.org/2000/svg"
          >
            <path
              d="M32 384h272v32H32zM400 384h80v32h-80zM384 447.5c0 17.949-14.327 32.5-32 32.5-17.673 0-32-14.551-32-32.5v-95c0-17.949 14.327-32.5 32-32.5 17.673 0 32 14.551 32 32.5v95z"
            />
            <g>
              <path
                d="M32 240h80v32H32zM208 240h272v32H208zM192 303.5c0 17.949-14.327 32.5-32 32.5-17.673 0-32-14.551-32-32.5v-95c0-17.949 14.327-32.5 32-32.5 17.673 0 32 14.551 32 32.5v95z"
              />
            </g>
            <g>
              <path
                d="M32 96h272v32H32zM400 96h80v32h-80zM384 159.5c0 17.949-14.327 32.5-32 32.5-17.673 0-32-14.551-32-32.5v-95c0-17.949 14.327-32.5 32-32.5 17.673 0 32 14.551 32 32.5v95z"
              />
            </g>
          </svg>
          <span>
            Edit
          </span>
        </button>
        <button>
          <svg
            fill="currentColor"
            height="1em"
            stroke="currentColor"
            stroke-width="0"
            viewBox="0 0 512 512"
            width="1em"
            xmlns="http://www.w3.org/2000/svg"
          >
            <path
              d="M96 448h106.7V64H96v384zM309.3 64v384H416V64H309.3z"
            />
          </svg>
          <span>
            Pause
          </span>
        </button>
      </div>
    </div>
    <button
      class="toggle"
    >
      View details
    </button>
  </li>
</div>
`;
